
> tys-hrms@1.1.0 build
> tsc && vite build

src/components/attendance/AttendanceMatrix.tsx(30,64): error TS7006: Parameter 'h' implicitly has an 'any' type.
src/components/attendance/AttendanceMatrix.tsx(50,47): error TS2551: Property 'userId' does not exist on type 'AttendanceLog'. Did you mean 'user_id'?
src/components/attendance/AttendanceMatrix.tsx(52,18): error TS2551: Property 'clockIn' does not exist on type 'AttendanceLog'. Did you mean 'clock_in'?
src/components/crm/TicketNotificationHub.tsx(9,10): error TS2305: Module '"../../types"' has no exported member 'CRMLead'.
src/components/crm/TicketNotificationHub.tsx(9,19): error TS2305: Module '"../../types"' has no exported member 'CRMLeadSource'.
src/components/hr/AttendanceGrid.tsx(24,23): error TS2367: This comparison appears to be unintentional because the types 'UserRole' and '"Worker"' have no overlap.
src/components/hr/AttendanceGrid.tsx(26,43): error TS2551: Property 'userId' does not exist on type 'AttendanceLog'. Did you mean 'user_id'?
src/components/hr/AttendanceGrid.tsx(42,12): error TS2678: Type '"on_leave"' is not comparable to type '"present" | "late" | "absent" | "half-day"'.
src/components/hr/AttendanceGrid.tsx(43,12): error TS2678: Type '"half_day"' is not comparable to type '"present" | "late" | "absent" | "half-day"'.
src/components/hr/AttendanceGrid.tsx(65,32): error TS2367: This comparison appears to be unintentional because the types 'UserRole' and '"Worker"' have no overlap.
src/components/layout/ActionCluster.tsx(25,23): error TS2345: Argument of type 'UserRole | "Worker"' is not assignable to parameter of type 'UserRole'.
  Type '"Worker"' is not assignable to type 'UserRole'.
src/components/layout/ActionCluster.tsx(26,23): error TS2345: Argument of type 'UserRole | "Worker"' is not assignable to parameter of type 'UserRole'.
  Type '"Worker"' is not assignable to type 'UserRole'.
src/components/layout/AppShell.tsx(115,65): error TS2345: Argument of type 'UserRole | "Worker"' is not assignable to parameter of type 'UserRole'.
  Type '"Worker"' is not assignable to type 'UserRole'.
src/components/layout/AppShell.tsx(297,68): error TS2339: Property 'taskType' does not exist on type 'Assignment'.
src/components/layout/AppShell.tsx(301,72): error TS2339: Property 'sku' does not exist on type 'Assignment'.
src/contexts/AppContext.tsx(3,24): error TS2305: Module '"../types"' has no exported member 'WorkLog'.
src/contexts/AppContext.tsx(3,33): error TS2305: Module '"../types"' has no exported member 'InboundShipment'.
src/contexts/AppContext.tsx(3,50): error TS2305: Module '"../types"' has no exported member 'DispatchBatch'.
src/contexts/AppContext.tsx(3,65): error TS2305: Module '"../types"' has no exported member 'LeaveLog'.
src/contexts/AppContext.tsx(3,75): error TS2305: Module '"../types"' has no exported member 'LeaveType'.
src/contexts/AppContext.tsx(3,86): error TS2305: Module '"../types"' has no exported member 'LeaveStatus'.
src/contexts/AppContext.tsx(3,99): error TS2305: Module '"../types"' has no exported member 'TaskDefinition'.
src/contexts/AppContext.tsx(3,115): error TS2305: Module '"../types"' has no exported member 'DailyStats'.
src/contexts/AppContext.tsx(3,127): error TS2305: Module '"../types"' has no exported member 'AssignmentCarryForward'.
src/contexts/AppContext.tsx(3,151): error TS2305: Module '"../types"' has no exported member 'DefectReason'.
src/contexts/AppContext.tsx(3,165): error TS2305: Module '"../types"' has no exported member 'Notification'.
src/contexts/AppContext.tsx(161,15): error TS2339: Property 'date' does not exist on type 'Assignment'.
src/contexts/AppContext.tsx(162,30): error TS2339: Property 'targetQty' does not exist on type 'Assignment'.
src/contexts/AppContext.tsx(162,45): error TS2339: Property 'piecesAssigned' does not exist on type 'Assignment'.
src/contexts/AppContext.tsx(162,65): error TS2339: Property 'piecesCarriedForward' does not exist on type 'Assignment'.
src/contexts/AppContext.tsx(162,90): error TS2339: Property 'piecesCompleted' does not exist on type 'Assignment'.
src/contexts/AppContext.tsx(164,61): error TS2339: Property 'date' does not exist on type 'Assignment'.
src/contexts/AppContext.tsx(164,85): error TS2339: Property 'userId' does not exist on type 'Assignment'.
src/contexts/AppContext.tsx(164,98): error TS2339: Property 'userId' does not exist on type 'Assignment'.
src/contexts/AppContext.tsx(164,114): error TS2339: Property 'sku' does not exist on type 'Assignment'.
src/contexts/AppContext.tsx(164,124): error TS2339: Property 'sku' does not exist on type 'Assignment'.
src/contexts/AppContext.tsx(164,137): error TS2339: Property 'taskType' does not exist on type 'Assignment'.
src/contexts/AppContext.tsx(164,152): error TS2339: Property 'taskType' does not exist on type 'Assignment'.
src/contexts/AppContext.tsx(167,51): error TS2353: Object literal may only specify known properties, and 'date' does not exist in type 'Assignment'.
src/contexts/AppContext.tsx(167,211): error TS2339: Property 'date' does not exist on type 'Assignment'.
src/contexts/AppContext.tsx(168,64): error TS2353: Object literal may only specify known properties, and 'updatedAt' does not exist in type 'Assignment'.
src/contexts/AppContext.tsx(172,62): error TS2353: Object literal may only specify known properties, and 'updatedAt' does not exist in type 'Assignment'.
src/contexts/AppContext.tsx(187,7): error TS2561: Object literal may only specify known properties, but 'tenantId' does not exist in type 'Product'. Did you mean to write 'tenant_id'?
src/contexts/AppContext.tsx(189,20): error TS2339: Property 'inventory' does not exist on type 'Omit<Product, "id" | "createdAt">'.
src/contexts/AppContext.tsx(211,20): error TS2339: Property 'inventory' does not exist on type 'Omit<Product, "id" | "createdAt">'.
src/contexts/AppContext.tsx(249,25): error TS2339: Property 'targetQty' does not exist on type 'Partial<Assignment> & { sku: string; userId: string; date: string; }'.
src/contexts/AppContext.tsx(250,20): error TS2339: Property 'targetQty' does not exist on type 'Partial<Assignment> & { sku: string; userId: string; date: string; }'.
src/contexts/AppContext.tsx(276,93): error TS2339: Property 'userId' does not exist on type 'Assignment'.
src/contexts/AppContext.tsx(276,116): error TS2339: Property 'date' does not exist on type 'Assignment'.
src/contexts/AppContext.tsx(306,29): error TS2339: Property 'targetQty' does not exist on type 'Assignment'.
src/contexts/AppContext.tsx(306,45): error TS2339: Property 'piecesAssigned' does not exist on type 'Assignment'.
src/contexts/AppContext.tsx(306,64): error TS2339: Property 'piecesCarriedForward' does not exist on type 'Assignment'.
src/contexts/AppContext.tsx(307,28): error TS2339: Property 'piecesCompleted' does not exist on type 'Assignment'.
src/contexts/AppContext.tsx(395,57): error TS2339: Property 'date' does not exist on type 'Assignment'.
src/contexts/AppContext.tsx(397,68): error TS2339: Property 'targetQty' does not exist on type 'Assignment'.
src/contexts/AppContext.tsx(397,83): error TS2339: Property 'piecesAssigned' does not exist on type 'Assignment'.
src/contexts/AppContext.tsx(397,103): error TS2339: Property 'piecesCarriedForward' does not exist on type 'Assignment'.
src/contexts/AppContext.tsx(398,68): error TS2339: Property 'piecesCompleted' does not exist on type 'Assignment'.
src/contexts/AppContext.tsx(444,60): error TS2339: Property 'taskType' does not exist on type 'Assignment'.
src/contexts/AppContext.tsx(444,101): error TS2339: Property 'sku' does not exist on type 'Assignment'.
src/contexts/AuthContext.tsx(2,51): error TS2305: Module '"../types"' has no exported member 'Notification'.
src/contexts/CRMContext.tsx(3,3): error TS2305: Module '"../types"' has no exported member 'CRMLead'.
src/contexts/CRMContext.tsx(3,12): error TS2305: Module '"../types"' has no exported member 'CRMOrder'.
src/contexts/CRMContext.tsx(3,22): error TS2305: Module '"../types"' has no exported member 'CRMSettings'.
src/contexts/CRMContext.tsx(3,35): error TS2305: Module '"../types"' has no exported member 'CRMLeadSource'.
src/contexts/CRMContext.tsx(4,3): error TS2305: Module '"../types"' has no exported member 'CRMOrderItem'.
src/contexts/CRMContext.tsx(4,17): error TS2305: Module '"../types"' has no exported member 'CRMLeadStage'.
src/contexts/CRMContext.tsx(124,85): error TS2551: Property 'clockIn' does not exist on type 'AttendanceLog'. Did you mean 'clock_in'?
src/contexts/CRMContext.tsx(124,101): error TS2551: Property 'clockOut' does not exist on type 'AttendanceLog'. Did you mean 'clock_out'?
src/contexts/CRMContext.tsx(124,126): error TS2551: Property 'userId' does not exist on type 'AttendanceLog'. Did you mean 'user_id'?
src/contexts/PayrollContext.tsx(4,10): error TS2305: Module '"../types"' has no exported member 'SalaryRecord'.
src/contexts/PayrollContext.tsx(39,63): error TS7006: Parameter 'h' implicitly has an 'any' type.
src/contexts/PayrollContext.tsx(43,39): error TS2367: This comparison appears to be unintentional because the types 'UserRole' and '"Worker"' have no overlap.
src/contexts/PayrollContext.tsx(49,53): error TS2551: Property 'userId' does not exist on type 'AttendanceLog'. Did you mean 'user_id'?
src/contexts/PayrollContext.tsx(60,20): error TS2367: This comparison appears to be unintentional because the types '"late" | "absent" | "half-day" | undefined' and '"half_day"' have no overlap.
src/contexts/PayrollContext.tsx(62,28): error TS2367: This comparison appears to be unintentional because the types '"late" | "absent" | "half-day"' and '"holiday"' have no overlap.
src/contexts/PayrollContext.tsx(70,32): error TS2339: Property 'salaryStructure' does not exist on type 'User'.
src/contexts/PayrollContext.tsx(71,19): error TS2339: Property 'salaryStructure' does not exist on type 'User'.
src/contexts/PayrollContext.tsx(72,19): error TS2339: Property 'salaryDetails' does not exist on type 'User'.
src/contexts/PayrollContext.tsx(72,56): error TS2339: Property 'salaryDetails' does not exist on type 'User'.
src/contexts/PayrollContext.tsx(77,67): error TS2339: Property 'salaryStructure' does not exist on type 'User'.
src/contexts/PayrollContext.tsx(79,67): error TS2339: Property 'salaryStructure' does not exist on type 'User'.
src/contexts/RBACContext.tsx(2,20): error TS2305: Module '"../types"' has no exported member 'AppModule'.
src/contexts/RBACContext.tsx(2,31): error TS2305: Module '"../types"' has no exported member 'PermissionAction'.
src/contexts/RBACContext.tsx(2,49): error TS2305: Module '"../types"' has no exported member 'RolePermission'.
src/contexts/RBACContext.tsx(2,65): error TS2305: Module '"../types"' has no exported member 'PermissionScope'.
src/contexts/RBACContext.tsx(139,41): error TS7053: Element implicitly has an 'any' type because expression of type 'string | number | symbol' can't be used to index type '{ biometricAllowed: boolean; systemPrintAllowed: boolean; aiAssistantAllowed: boolean; calculatorAllowed: boolean; }'.
  No index signature with a parameter of type 'string' was found on type '{ biometricAllowed: boolean; systemPrintAllowed: boolean; aiAssistantAllowed: boolean; calculatorAllowed: boolean; }'.
src/contexts/SettingsContext.tsx(2,10): error TS2305: Module '"../types"' has no exported member 'AppSettings'.
src/contexts/SettingsContext.tsx(2,23): error TS2305: Module '"../types"' has no exported member 'ShopifySettings'.
src/contexts/SettingsContext.tsx(2,40): error TS2305: Module '"../types"' has no exported member 'MongoSettings'.
src/contexts/SettingsContext.tsx(2,55): error TS2305: Module '"../types"' has no exported member 'Shift'.
src/contexts/SettingsContext.tsx(2,62): error TS2305: Module '"../types"' has no exported member 'LeaveAutomationSettings'.
src/lib/NotifyService.ts(1,16): error TS2305: Module '"../types"' has no exported member 'LeaveLog'.
src/lib/NotifyService.ts(1,26): error TS2305: Module '"../types"' has no exported member 'LeaveAutomationSettings'.
src/lib/NotifyService.ts(42,45): error TS2339: Property 'contactNumber' does not exist on type 'User'.
src/lib/NotifyService.ts(44,32): error TS2339: Property 'contactNumber' does not exist on type 'User'.
src/pages/assignments/AssignmentManager.tsx(5,10): error TS2305: Module '"../../types"' has no exported member 'TaskType'.
src/pages/assignments/AssignmentManager.tsx(5,20): error TS2305: Module '"../../types"' has no exported member 'TaskMode'.
src/pages/assignments/AssignmentManager.tsx(47,37): error TS2367: This comparison appears to be unintentional because the types 'UserRole' and '"Worker"' have no overlap.
src/pages/assignments/AssignmentManager.tsx(68,25): error TS2339: Property 'user_id' does not exist on type 'Assignment'.
src/pages/assignments/AssignmentManager.tsx(69,22): error TS2339: Property 'sku' does not exist on type 'Assignment'.
src/pages/assignments/AssignmentManager.tsx(70,25): error TS2339: Property 'taskType' does not exist on type 'Assignment'.
src/pages/assignments/AssignmentManager.tsx(71,23): error TS2339: Property 'mode' does not exist on type 'Assignment'.
src/pages/assignments/AssignmentManager.tsx(72,24): error TS2339: Property 'pieces_assigned' does not exist on type 'Assignment'.
src/pages/assignments/AssignmentManager.tsx(73,18): error TS2339: Property 'due_date' does not exist on type 'Assignment'.
src/pages/assignments/AssignmentManager.tsx(74,16): error TS2339: Property 'table' does not exist on type 'Assignment'.
src/pages/assignments/AssignmentManager.tsx(93,9): error TS2353: Object literal may only specify known properties, and 'sku' does not exist in type 'Partial<Assignment>'.
src/pages/assignments/AssignmentManager.tsx(109,13): error TS2353: Object literal may only specify known properties, and 'due_date' does not exist in type 'Partial<Assignment> & { sku: string; userId: string; date: string; }'.
src/pages/assignments/AssignmentManager.tsx(134,51): error TS2339: Property 'user_id' does not exist on type 'Assignment'.
src/pages/assignments/AssignmentManager.tsx(135,27): error TS2339: Property 'sku' does not exist on type 'Assignment'.
src/pages/assignments/AssignmentManager.tsx(135,36): error TS2339: Property 'taskType' does not exist on type 'Assignment'.
src/pages/assignments/AssignmentManager.tsx(137,31): error TS2339: Property 'user_id' does not exist on type 'Assignment'.
src/pages/assignments/AssignmentManager.tsx(138,29): error TS2339: Property 'date' does not exist on type 'Assignment'.
src/pages/assignments/AssignmentManager.tsx(140,39): error TS2339: Property 'location_id' does not exist on type 'User'.
src/pages/assignments/AssignmentManager.tsx(180,279): error TS7006: Parameter 'l' implicitly has an 'any' type.
src/pages/assignments/AssignmentManager.tsx(208,68): error TS2339: Property 'user_id' does not exist on type 'Assignment'.
src/pages/assignments/AssignmentManager.tsx(209,47): error TS2339: Property 'target_qty' does not exist on type 'Assignment'.
src/pages/assignments/AssignmentManager.tsx(209,72): error TS2339: Property 'pieces_assigned' does not exist on type 'Assignment'.
src/pages/assignments/AssignmentManager.tsx(209,103): error TS2339: Property 'pieces_carried_forward' does not exist on type 'Assignment'.
src/pages/assignments/AssignmentManager.tsx(210,87): error TS2339: Property 'pieces_completed' does not exist on type 'Assignment'.
src/pages/assignments/AssignmentManager.tsx(215,210): error TS2339: Property 'sku' does not exist on type 'Assignment'.
src/pages/assignments/AssignmentManager.tsx(216,110): error TS2339: Property 'taskType' does not exist on type 'Assignment'.
src/pages/assignments/AssignmentManager.tsx(216,132): error TS2339: Property 'table' does not exist on type 'Assignment'.
src/pages/assignments/AssignmentManager.tsx(216,287): error TS2339: Property 'table' does not exist on type 'Assignment'.
src/pages/assignments/AssignmentManager.tsx(220,462): error TS2339: Property 'date' does not exist on type 'Assignment'.
src/pages/assignments/AssignmentManager.tsx(222,206): error TS2339: Property 'pieces_completed' does not exist on type 'Assignment'.
src/pages/assignments/GanttView.tsx(47,33): error TS2339: Property 'taskType' does not exist on type 'Assignment'.
src/pages/assignments/GanttView.tsx(53,32): error TS2339: Property 'date' does not exist on type 'Assignment'.
src/pages/assignments/GanttView.tsx(55,22): error TS2339: Property 'taskType' does not exist on type 'Assignment'.
src/pages/assignments/WorkerTaskView.tsx(25,7): error TS2339: Property 'user_id' does not exist on type 'Assignment'.
src/pages/assignments/WorkerTaskView.tsx(26,36): error TS2339: Property 'date' does not exist on type 'Assignment'.
src/pages/assignments/WorkerTaskView.tsx(46,43): error TS2339: Property 'taskType' does not exist on type 'Assignment'.
src/pages/assignments/WorkerTaskView.tsx(47,44): error TS2339: Property 'taskType' does not exist on type 'Assignment'.
src/pages/assignments/WorkerTaskView.tsx(48,44): error TS2339: Property 'taskType' does not exist on type 'Assignment'.
src/pages/assignments/WorkerTaskView.tsx(49,43): error TS2339: Property 'taskType' does not exist on type 'Assignment'.
src/pages/assignments/WorkerTaskView.tsx(78,45): error TS2339: Property 'sku' does not exist on type 'Assignment'.
src/pages/assignments/WorkerTaskView.tsx(99,32): error TS2339: Property 'pieces_assigned' does not exist on type 'Assignment'.
src/pages/assignments/WorkerTaskView.tsx(99,59): error TS2339: Property 'pieces_carried_forward' does not exist on type 'Assignment'.
src/pages/assignments/WorkerTaskView.tsx(100,57): error TS2339: Property 'pieces_completed' does not exist on type 'Assignment'.
src/pages/assignments/WorkerTaskView.tsx(104,187): error TS2339: Property 'sku' does not exist on type 'Assignment'.
src/pages/assignments/WorkerTaskView.tsx(105,93): error TS2339: Property 'taskType' does not exist on type 'Assignment'.
src/pages/assignments/WorkerTaskView.tsx(108,199): error TS2339: Property 'pieces_completed' does not exist on type 'Assignment'.
src/pages/assignments/WorkerTaskView.tsx(125,125): error TS2339: Property 'taskType' does not exist on type 'Assignment'.
src/pages/assignments/WorkerTaskView.tsx(125,156): error TS2339: Property 'sku' does not exist on type 'Assignment'.
src/pages/assignments/WorkflowBuilder.tsx(237,68): error TS2339: Property 'userId' does not exist on type 'Assignment'.
src/pages/assignments/WorkflowBuilder.tsx(240,68): error TS2339: Property 'taskType' does not exist on type 'Assignment'.
src/pages/assignments/WorkflowBuilder.tsx(280,64): error TS2339: Property 'taskType' does not exist on type 'Assignment'.
src/pages/assignments/WorkflowBuilder.tsx(284,31): error TS2339: Property 'userId' does not exist on type 'Assignment'.
src/pages/assignments/WorkflowBuilder.tsx(400,17): error TS2339: Property 'userId' does not exist on type 'Assignment'.
src/pages/assignments/WorkflowBuilder.tsx(401,17): error TS2339: Property 'taskType' does not exist on type 'Assignment'.
src/pages/assignments/WorkflowBuilder.tsx(408,15): error TS2353: Object literal may only specify known properties, and 'taskType' does not exist in type 'Partial<Assignment> & { sku: string; userId: string; date: string; }'.
src/pages/assignments/WorkflowBuilder.tsx(427,32): error TS2367: This comparison appears to be unintentional because the types 'UserRole' and '"Worker"' have no overlap.
src/pages/assignments/WorkflowBuilder.tsx(455,48): error TS7006: Parameter 'w' implicitly has an 'any' type.
src/pages/assignments/WorkflowBuilder.tsx(518,31): error TS7006: Parameter 'item' implicitly has an 'any' type.
src/pages/assignments/WorkflowBuilder.tsx(519,28): error TS7006: Parameter 'item' implicitly has an 'any' type.
src/pages/attendance/LeaveManagement.tsx(5,10): error TS2305: Module '"../../types"' has no exported member 'LeaveType'.
src/pages/attendance/LeaveManagement.tsx(5,21): error TS2305: Module '"../../types"' has no exported member 'LeaveLog'.
src/pages/attendance/LeaveManagement.tsx(5,37): error TS2305: Module '"../../types"' has no exported member 'LeaveStatus'.
src/pages/attendance/LeaveManagement.tsx(51,49): error TS2367: This comparison appears to be unintentional because the types 'UserRole | undefined' and '"Worker"' have no overlap.
src/pages/attendance/LeaveManagement.tsx(105,9): error TS2367: This comparison appears to be unintentional because the types 'UserRole' and '"Worker"' have no overlap.
src/pages/attendance/LeaveManagement.tsx(440,39): error TS2339: Property 'contactNumber' does not exist on type 'User'.
src/pages/attendance/LeaveManagement.tsx(442,81): error TS2339: Property 'contactNumber' does not exist on type 'User'.
src/pages/crm/LeadInteractionLog.tsx(7,10): error TS2305: Module '"../../types"' has no exported member 'CRMLead'.
src/pages/crm/LeadInteractionLog.tsx(7,19): error TS2305: Module '"../../types"' has no exported member 'CRMInteraction'.
src/pages/crm/LeadInteractionLog.tsx(100,52): error TS7006: Parameter 'item' implicitly has an 'any' type.
src/pages/crm/LeadInteractionLog.tsx(101,24): error TS7053: Element implicitly has an 'any' type because expression of type 'any' can't be used to index type '{ call: LucideIcon; whatsapp: LucideIcon; email: LucideIcon; meeting: LucideIcon; note: LucideIcon; }'.
src/pages/crm/LeadPricingLedger.tsx(8,10): error TS2305: Module '"../../types"' has no exported member 'CRMOrderItem'.
src/pages/crm/LeadPricingLedger.tsx(60,7): error TS2339: Property 'title' does not exist on type 'Product'.
src/pages/crm/LeadPricingLedger.tsx(99,68): error TS2339: Property 'title' does not exist on type 'Product'.
src/pages/crm/LeadRegistrationForm.tsx(9,10): error TS2305: Module '"../../types"' has no exported member 'CRMLeadSource'.
src/pages/crm/LeadRegistrationForm.tsx(311,34): error TS2367: This comparison appears to be unintentional because the types 'UserRole' and '"Worker"' have no overlap.
src/pages/CRMPage.tsx(11,10): error TS2305: Module '"../types"' has no exported member 'CRMLead'.
src/pages/CRMPage.tsx(11,19): error TS2305: Module '"../types"' has no exported member 'CRMLeadSource'.
src/pages/CRMPage.tsx(46,12): error TS2345: Argument of type 'UserRole | "Worker"' is not assignable to parameter of type 'UserRole'.
  Type '"Worker"' is not assignable to type 'UserRole'.
src/pages/CRMPage.tsx(131,32): error TS7006: Parameter 'stage' implicitly has an 'any' type.
src/pages/CRMPage.tsx(304,50): error TS7006: Parameter 's' implicitly has an 'any' type.
src/pages/CRMPage.tsx(350,44): error TS2367: This comparison appears to be unintentional because the types 'UserRole' and '"Worker"' have no overlap.
src/pages/CRMPage.tsx(358,74): error TS7006: Parameter 'id' implicitly has an 'any' type.
src/pages/CRMPage.tsx(499,44): error TS7006: Parameter 'item' implicitly has an 'any' type.
src/pages/CRMPage.tsx(499,50): error TS7006: Parameter 'idx' implicitly has an 'any' type.
src/pages/CRMPage.tsx(528,56): error TS7006: Parameter 'acc' implicitly has an 'any' type.
src/pages/CRMPage.tsx(528,61): error TS7006: Parameter 'i' implicitly has an 'any' type.
src/pages/CRMPage.tsx(532,58): error TS7006: Parameter 'acc' implicitly has an 'any' type.
src/pages/CRMPage.tsx(532,63): error TS7006: Parameter 'i' implicitly has an 'any' type.
src/pages/ProfilePage.tsx(58,92): error TS2551: Property 'companyType' does not exist on type 'Tenant'. Did you mean 'company_type'?
src/pages/ProfilePage.tsx(66,77): error TS2551: Property 'adminName' does not exist on type 'Tenant'. Did you mean 'admin_name'?
src/pages/ProfilePage.tsx(74,77): error TS2339: Property 'dob' does not exist on type 'Tenant'.
src/pages/ProfilePage.tsx(97,78): error TS2551: Property 'employeeCount' does not exist on type 'Tenant'. Did you mean 'employee_count'?
src/pages/ProfilePage.tsx(102,78): error TS2339: Property 'gst' does not exist on type 'Tenant'.
src/pages/rbac/RBACMatrix.tsx(4,20): error TS2305: Module '"../../types"' has no exported member 'AppModule'.
src/pages/rbac/RBACMatrix.tsx(4,31): error TS2305: Module '"../../types"' has no exported member 'PermissionScope'.
src/pages/rbac/RBACMatrix.tsx(4,48): error TS2305: Module '"../../types"' has no exported member 'RolePermission'.
src/pages/rbac/RBACMatrix.tsx(22,9): error TS2322: Type 'string[]' is not assignable to type 'UserRole[]'.
  Type 'string' is not assignable to type 'UserRole'.
src/pages/rbac/TasksManager.tsx(4,10): error TS2305: Module '"../../types"' has no exported member 'TaskMode'.
src/pages/rbac/TasksManager.tsx(4,20): error TS2305: Module '"../../types"' has no exported member 'TaskDefinition'.
src/pages/rbac/TasksManager.tsx(225,44): error TS7006: Parameter 'm' implicitly has an 'any' type.
src/pages/ReportsPage.tsx(53,21): error TS2339: Property 'sku' does not exist on type 'Assignment'.
src/pages/ReportsPage.tsx(53,36): error TS2339: Property 'sku' does not exist on type 'Assignment'.
src/pages/ReportsPage.tsx(54,16): error TS2339: Property 'sku' does not exist on type 'Assignment'.
src/pages/ReportsPage.tsx(54,36): error TS2339: Property 'piecesCompleted' does not exist on type 'Assignment'.
src/pages/ReportsPage.tsx(55,16): error TS2339: Property 'sku' does not exist on type 'Assignment'.
src/pages/ReportsPage.tsx(55,34): error TS2339: Property 'targetQty' does not exist on type 'Assignment'.
src/pages/ReportsPage.tsx(55,49): error TS2339: Property 'piecesAssigned' does not exist on type 'Assignment'.
src/pages/settings/CRMSettings.tsx(28,17): error TS7006: Parameter 'prev' implicitly has an 'any' type.
src/pages/settings/CRMSettings.tsx(43,49): error TS7006: Parameter 's' implicitly has an 'any' type.
src/pages/settings/CRMSettings.tsx(132,40): error TS7006: Parameter 'a' implicitly has an 'any' type.
src/pages/settings/CRMSettings.tsx(132,42): error TS7006: Parameter 'b' implicitly has an 'any' type.
src/pages/settings/CRMSettings.tsx(132,71): error TS7006: Parameter 'stage' implicitly has an 'any' type.
src/pages/settings/CRMSettings.tsx(138,68): error TS7006: Parameter 's' implicitly has an 'any' type.
src/pages/settings/CRMSettings.tsx(147,68): error TS7006: Parameter 's' implicitly has an 'any' type.
src/pages/settings/CRMSettings.tsx(187,29): error TS2322: Type 'unknown' is not assignable to type 'string | number | readonly string[] | undefined'.
src/pages/settings/CRMSettings.tsx(229,78): error TS7006: Parameter 'id' implicitly has an 'any' type.
src/pages/settings/LocationSettings.tsx(4,10): error TS2305: Module '"../../types"' has no exported member 'Location'.
src/pages/settings/LocationSettings.tsx(4,20): error TS2305: Module '"../../types"' has no exported member 'LocationType'.
src/pages/settings/LocationSettings.tsx(46,37): error TS7006: Parameter 'w' implicitly has an 'any' type.
src/pages/settings/LocationSettings.tsx(73,40): error TS7006: Parameter 'w' implicitly has an 'any' type.
src/pages/settings/LocationSettings.tsx(185,24): error TS7006: Parameter 'loc' implicitly has an 'any' type.
src/pages/settings/MongoSettings.tsx(10,11): error TS2339: Property 'migrateLocalToCloud' does not exist on type 'AuthContextType'.
src/pages/settings/ProfileSettings.tsx(8,39): error TS2339: Property 'registerBiometrics' does not exist on type 'AuthContextType'.
src/pages/settings/ProfileSettings.tsx(39,29): error TS2551: Property 'pinCode' does not exist on type 'User'. Did you mean 'pin_code'?
src/pages/settings/ProfileSettings.tsx(43,15): error TS2551: Property 'pinCode' does not exist on type 'Partial<User>'. Did you mean 'pin_code'?
src/pages/settings/ProfileSettings.tsx(77,84): error TS2551: Property 'createdAt' does not exist on type 'User'. Did you mean 'created_at'?
src/pages/settings/ProfileSettings.tsx(144,25): error TS2339: Property 'biometricCredentials' does not exist on type 'User'.
src/pages/settings/ProfileSettings.tsx(145,31): error TS2339: Property 'biometricCredentials' does not exist on type 'User'.
src/pages/settings/ProfileSettings.tsx(155,23): error TS2339: Property 'biometricCredentials' does not exist on type 'User'.
src/pages/settings/ShiftSettings.tsx(3,10): error TS2305: Module '"../../types"' has no exported member 'Shift'.
src/pages/settings/WorkstationSettings.tsx(5,10): error TS2305: Module '"../../types"' has no exported member 'Workstation'.
src/pages/settings/WorkstationSettings.tsx(24,43): error TS7006: Parameter 'w' implicitly has an 'any' type.
src/pages/settings/WorkstationSettings.tsx(42,46): error TS7006: Parameter 'w' implicitly has an 'any' type.
src/pages/settings/WorkstationSettings.tsx(91,55): error TS7006: Parameter 'x' implicitly has an 'any' type.
src/pages/settings/WorkstationSettings.tsx(119,27): error TS7006: Parameter 'station' implicitly has an 'any' type.
src/pages/users/UserRegistrationForm.tsx(2,20): error TS2305: Module '"../../types"' has no exported member 'Shift'.
src/pages/users/UserRegistrationForm.tsx(41,7): error TS2322: Type 'string | undefined' is not assignable to type 'string'.
  Type 'undefined' is not assignable to type 'string'.
src/pages/users/UserRegistrationForm.tsx(55,13): error TS2345: Argument of type 'string' is not assignable to parameter of type 'SetStateAction<UserRole>'.
src/pages/users/UserRegistrationForm.tsx(82,40): error TS2345: Argument of type 'string' is not assignable to parameter of type 'SetStateAction<UserRole>'.
