src/App.tsx(46,27): error TS2551: Property 'companySlug' does not exist on type 'Tenant'. Did you mean 'company_slug'?
src/App.tsx(47,37): error TS2551: Property 'companySlug' does not exist on type 'Tenant'. Did you mean 'company_slug'?
src/App.tsx(66,45): error TS2551: Property 'companySlug' does not exist on type 'Tenant'. Did you mean 'company_slug'?
src/App.tsx(90,65): error TS2551: Property 'companySlug' does not exist on type 'Tenant'. Did you mean 'company_slug'?
src/components/attendance/AttendanceMatrix.tsx(29,30): error TS2551: Property 'payrollSettings' does not exist on type 'AppSettings'. Did you mean 'payroll_settings'?
src/components/attendance/AttendanceMatrix.tsx(43,27): error TS2551: Property 'endDate' does not exist on type 'LeaveLog'. Did you mean 'end_date'?
src/components/hr/AttendanceGrid.tsx(26,43): error TS2551: Property 'userId' does not exist on type 'AttendanceLog'. Did you mean 'user_id'?
src/components/hr/AttendanceGrid.tsx(42,12): error TS2678: Type '"on_leave"' is not comparable to type 'AttendanceStatus'.
src/components/layout/ActionCluster.tsx(25,29): error TS2345: Argument of type '"calculatorAllowed"' is not assignable to parameter of type '"biometric_allowed" | "system_print_allowed" | "ai_assistant_allowed" | "calculator_allowed"'.
src/components/layout/ActionCluster.tsx(26,29): error TS2345: Argument of type '"aiAssistantAllowed"' is not assignable to parameter of type '"biometric_allowed" | "system_print_allowed" | "ai_assistant_allowed" | "calculator_allowed"'.
src/components/layout/AppShell.tsx(180,43): error TS2551: Property 'isEnabled' does not exist on type 'MongoSettings'. Did you mean 'is_enabled'?
src/components/layout/AppShell.tsx(297,68): error TS2551: Property 'taskType' does not exist on type 'Assignment'. Did you mean 'task_type'?
src/components/layout/AppShell.tsx(323,43): error TS2551: Property 'isEnabled' does not exist on type 'MongoSettings'. Did you mean 'is_enabled'?
src/components/layout/BreakLockScreen.tsx(20,17): error TS2551: Property 'breakStartTime' does not exist on type 'SessionState'. Did you mean 'break_start_time'?
src/components/layout/BreakLockScreen.tsx(22,41): error TS2551: Property 'breakStartTime' does not exist on type 'SessionState'. Did you mean 'break_start_time'?
src/components/layout/BreakLockScreen.tsx(26,15): error TS2551: Property 'breakStartTime' does not exist on type 'SessionState'. Did you mean 'break_start_time'?
src/components/ThemeProvider.tsx(13,56): error TS2551: Property 'primaryColor' does not exist on type 'BrandingSettings'. Did you mean 'primary_color'?
src/components/ThemeProvider.tsx(14,58): error TS2551: Property 'secondaryColor' does not exist on type 'BrandingSettings'. Did you mean 'secondary_color'?
src/components/ThemeProvider.tsx(15,55): error TS2551: Property 'accentColor' does not exist on type 'BrandingSettings'. Did you mean 'accent_color'?
src/components/ThemeProvider.tsx(18,18): error TS2551: Property 'themeMode' does not exist on type 'BrandingSettings'. Did you mean 'theme_mode'?
src/contexts/AppContext.tsx(93,27): error TS2551: Property 'isEnabled' does not exist on type 'MongoSettings'. Did you mean 'is_enabled'?
src/contexts/AppContext.tsx(146,24): error TS2551: Property 'isEnabled' does not exist on type 'MongoSettings'. Did you mean 'is_enabled'?
src/contexts/AppContext.tsx(149,27): error TS2551: Property 'isEnabled' does not exist on type 'MongoSettings'. Did you mean 'is_enabled'?
src/contexts/AppContext.tsx(152,24): error TS2551: Property 'isEnabled' does not exist on type 'MongoSettings'. Did you mean 'is_enabled'?
src/contexts/AuthContext.tsx(177,9): error TS2561: Object literal may only specify known properties, but 'isActive' does not exist in type 'User'. Did you mean to write 'is_active'?
src/contexts/PayrollContext.tsx(23,27): error TS2551: Property 'isEnabled' does not exist on type 'MongoSettings'. Did you mean 'is_enabled'?
src/contexts/PayrollContext.tsx(26,24): error TS2551: Property 'isEnabled' does not exist on type 'MongoSettings'. Did you mean 'is_enabled'?
src/contexts/PayrollContext.tsx(98,26): error TS2551: Property 'isEnabled' does not exist on type 'MongoSettings'. Did you mean 'is_enabled'?
src/contexts/PayrollContext.tsx(109,26): error TS2551: Property 'isEnabled' does not exist on type 'MongoSettings'. Did you mean 'is_enabled'?
src/contexts/RBACContext.tsx(78,27): error TS2551: Property 'isEnabled' does not exist on type 'MongoSettings'. Did you mean 'is_enabled'?
src/contexts/RBACContext.tsx(107,24): error TS2551: Property 'isEnabled' does not exist on type 'MongoSettings'. Did you mean 'is_enabled'?
src/contexts/RBACContext.tsx(155,28): error TS2551: Property 'isEnabled' does not exist on type 'MongoSettings'. Did you mean 'is_enabled'?
src/contexts/RBACContext.tsx(169,28): error TS2551: Property 'isEnabled' does not exist on type 'MongoSettings'. Did you mean 'is_enabled'?
src/contexts/RBACContext.tsx(177,27): error TS2551: Property 'isEnabled' does not exist on type 'MongoSettings'. Did you mean 'is_enabled'?
src/contexts/RBACContext.tsx(198,26): error TS2551: Property 'isEnabled' does not exist on type 'MongoSettings'. Did you mean 'is_enabled'?
src/contexts/RBACContext.tsx(210,28): error TS2551: Property 'isEnabled' does not exist on type 'MongoSettings'. Did you mean 'is_enabled'?
src/contexts/SettingsContext.tsx(20,14): error TS2561: Object literal may only specify known properties, but 'appId' does not exist in type 'MongoSettings'. Did you mean to write 'app_id'?
src/pages/CRMPage.tsx(250,76): error TS2339: Property 'next_follow_up_at' does not exist on type 'CRMLead'.
src/pages/CRMPage.tsx(250,110): error TS2339: Property 'next_follow_up_at' does not exist on type 'CRMLead'.
src/pages/CRMPage.tsx(382,47): error TS2339: Property 'next_follow_up_at' does not exist on type 'CRMLead'.
src/pages/CRMPage.tsx(383,72): error TS2353: Object literal may only specify known properties, and 'next_follow_up_at' does not exist in type 'Partial<CRMLead>'.
src/pages/ProductsPage.tsx(50,31): error TS2353: Object literal may only specify known properties, and 'created_at' does not exist in type 'Omit<Product, "id" | "created_at">'.
src/pages/rbac/RBACMatrix.tsx(22,9): error TS2322: Type 'string[]' is not assignable to type 'UserRole[]'.
  Type 'string' is not assignable to type 'UserRole'.
src/pages/settings/LocationSettings.tsx(4,10): error TS2305: Module '"../../types"' has no exported member 'Location'.
src/pages/settings/LocationSettings.tsx(4,20): error TS2305: Module '"../../types"' has no exported member 'LocationType'.
src/pages/settings/MongoSettings.tsx(8,21): error TS2339: Property 'updateMongo' does not exist on type 'SettingsContextType'.
src/pages/settings/MongoSettings.tsx(10,11): error TS2339: Property 'migrateLocalToCloud' does not exist on type 'AuthContextType'.
src/pages/settings/PayrollSettings.tsx(33,56): error TS2551: Property 'payrollSettings' does not exist on type 'AppSettings'. Did you mean 'payroll_settings'?
src/pages/settings/PayrollSettings.tsx(51,9): error TS2561: Object literal may only specify known properties, but 'payrollSettings' does not exist in type 'Partial<AppSettings>'. Did you mean to write 'payroll_settings'?
src/pages/settings/ProfileSettings.tsx(8,39): error TS2339: Property 'registerBiometrics' does not exist on type 'AuthContextType'.
src/pages/settings/ShopifySettings.tsx(7,51): error TS2551: Property 'storeUrl' does not exist on type 'ShopifySettings'. Did you mean 'store_url'?
src/pages/settings/ShopifySettings.tsx(8,55): error TS2551: Property 'accessToken' does not exist on type 'ShopifySettings'. Did you mean 'access_token'?
src/pages/settings/ShopifySettings.tsx(12,21): error TS2561: Object literal may only specify known properties, but 'storeUrl' does not exist in type 'Partial<ShopifySettings>'. Did you mean to write 'store_url'?
src/pages/settings/WorkstationSettings.tsx(5,10): error TS2305: Module '"../../types"' has no exported member 'Workstation'.
src/pages/settings/WorkstationSettings.tsx(91,55): error TS7006: Parameter 'x' implicitly has an 'any' type.
src/pages/users/UserRegistrationForm.tsx(37,38): error TS2345: Argument of type '{ name: string; username: string; pin_code: string; role: UserRole; email: string | undefined; phone: string | undefined; }' is not assignable to parameter of type 'Omit<User, "id" | "tenant_id" | "created_at" | "isActive">'.
  Property 'is_active' is missing in type '{ name: string; username: string; pin_code: string; role: UserRole; email: string | undefined; phone: string | undefined; }' but required in type 'Omit<User, "id" | "tenant_id" | "created_at" | "isActive">'.
src/pages/users/UserRegistrationForm.tsx(56,13): error TS2345: Argument of type 'string' is not assignable to parameter of type 'SetStateAction<UserRole>'.
src/pages/users/UserRegistrationForm.tsx(83,40): error TS2345: Argument of type 'string' is not assignable to parameter of type 'SetStateAction<UserRole>'.
src/pages/UsersPage.tsx(258,32): error TS2551: Property 'isActive' does not exist on type 'User'. Did you mean 'is_active'?
src/pages/UsersPage.tsx(260,33): error TS2551: Property 'isActive' does not exist on type 'User'. Did you mean 'is_active'?
